[1. healthy] 6 tools: find_substitutes, get_ops_snapshot, inspect_entity, list_constraints, read_external_alerts, trace_impact
   screenshot -> s01-healthy.png
   status chip: SITE TOOLS | 6 registered | 6
   invoke get_ops_snapshot -> ok=True :: The operational twin is healthy; no disruption is active.
[2. after trigger-shock] 7 tools: create_branch, find_substitutes, get_ops_snapshot, inspect_entity, list_constraints, read_external_alerts, trace_impact
   screenshot -> s02-shock.png
[3. after create-demo-trio] 11 tools: compare_branches, create_branch, explain_tradeoff, find_substitutes, get_ops_snapshot, inspect_entity, list_constraints, read_external_alerts, simulate_branch, stage_plan, trace_impact
   screenshot -> s03-trio.png
[4. after stage-branch (NOT approved)] 10 tools: compare_branches, create_branch, explain_tradeoff, find_substitutes, get_ops_snapshot, inspect_entity, list_constraints, read_external_alerts, simulate_branch, trace_impact
   screenshot -> s04-stage.png
[5. after approve-plan (human approved)] 11 tools: apply_plan, compare_branches, create_branch, explain_tradeoff, find_substitutes, get_ops_snapshot, inspect_entity, list_constraints, read_external_alerts, simulate_branch, trace_impact
   screenshot -> s05-approval-unlocked.png
   screenshot -> s08-capabilities.png
[6. after manual-apply (executed)] 8 tools: find_substitutes, get_ops_snapshot, inspect_entity, list_constraints, read_external_alerts, rollback_plan, trace_impact, verify_plan
   screenshot -> s06-commit.png
[7. after manual-verify] 8 tools: find_substitutes, get_ops_snapshot, inspect_entity, list_constraints, read_external_alerts, rollback_plan, trace_impact, verify_plan
   screenshot -> s07-recovery.png
[8. after reset-demo] 6 tools: find_substitutes, get_ops_snapshot, inspect_entity, list_constraints, read_external_alerts, trace_impact
   screenshot -> s09-reset.png

=== strategy audit (tool-driven create_branch + simulate_branch) ===
  service_first  -> status=current delayed=0 cost=$288257 violations=0
  cost_guard     -> status=current delayed=2 cost=$262159 violations=0
  balanced       -> status=current delayed=1 cost=$256329 violations=0
  resilience     -> status=current delayed=1 cost=$263181 violations=0

console errors: 0

ASSERTIONS: 3/3 passed
