  probe (no flag - baseline)                   -> False
  probe --enable-features=WebMCPTesting        -> False
  probe --enable-features=WebMCP               -> False
  probe --enable-blink-features=WebMCP         -> False

Native WebMCP flag unavailable in this Chromium build.
Installing a faithful document.modelContext shim so registry.ts
takes the NATIVE branch and really calls registerTool/getTools.

[1. healthy (pre-disruption)] 6 tools
   find_substitutes, get_ops_snapshot, inspect_entity, list_constraints, read_external_alerts, trace_impact
   status chip: SITE TOOLS | 6 registered | 6
   invoke get_ops_snapshot -> ok=True :: {"ok": "True", "summary": "The operational twin is healthy; no disruption is active.", "affected_ids": "[]", "next_tools": "['get_ops_snapshot', 'inspect_entity', 'trace_impact', 'list_constraints', 'find_substitut"}

[2. after trigger-shock] 7 tools
   create_branch, find_substitutes, get_ops_snapshot, inspect_entity, list_constraints, read_external_alerts, trace_impact

[3. after create-demo-trio (3 branches simulated)] 11 tools
   compare_branches, create_branch, explain_tradeoff, find_substitutes, get_ops_snapshot, inspect_entity, list_constraints, read_external_alerts, simulate_branch, stage_plan, trace_impact

[4. after stage-branch (plan staged, NOT approved)] 10 tools
   compare_branches, create_branch, explain_tradeoff, find_substitutes, get_ops_snapshot, inspect_entity, list_constraints, read_external_alerts, simulate_branch, trace_impact
   ASSERT apply_plan absent pre-approval: True

[5. after approve-plan (human approved)] 11 tools
   apply_plan, compare_branches, create_branch, explain_tradeoff, find_substitutes, get_ops_snapshot, inspect_entity, list_constraints, read_external_alerts, simulate_branch, trace_impact
   ASSERT apply_plan present post-approval: True

[6. after manual-apply (executed)] 8 tools
   find_substitutes, get_ops_snapshot, inspect_entity, list_constraints, read_external_alerts, rollback_plan, trace_impact, verify_plan

[7. after manual-verify] 8 tools
   find_substitutes, get_ops_snapshot, inspect_entity, list_constraints, read_external_alerts, rollback_plan, trace_impact, verify_plan
   invoke verify_plan -> ok=True :: {"ok": "False", "summary": "plan_id must be a non-empty string no longer than 120 characters.", "next_tools": "None"}

[8. after reset-demo (back to healthy)] 6 tools
   find_substitutes, get_ops_snapshot, inspect_entity, list_constraints, read_external_alerts, trace_impact
   ASSERT lifecycle shrinks on reset: True (8 -> 6)

   lifecycle events: 22 total, 8 unregister
     - stage_plan (BRANCHLINE precondition no longer holds for stage_plan.)
     - create_branch (BRANCHLINE precondition no longer holds for create_branch.)
     - simulate_branch (BRANCHLINE precondition no longer holds for simulate_branch.)
     - explain_tradeoff (BRANCHLINE precondition no longer holds for explain_tradeoff)
     - compare_branches (BRANCHLINE precondition no longer holds for compare_branches)
     - apply_plan (BRANCHLINE precondition no longer holds for apply_plan.)
     - verify_plan (BRANCHLINE precondition no longer holds for verify_plan.)
     - rollback_plan (BRANCHLINE precondition no longer holds for rollback_plan.)

   console errors: 0

Report written to C:\Users\shaun\Downloads\BRANCHLINE-complete\branchline\redesign-shots\webmcp-report.json

ASSERTIONS: 3/3 passed
